// Jest Snapshot v1, https://goo.gl/fbAQLP

exports[`App Should render correctly with all the information passed 1`] = `
<div
  className="App"
>
  <Header
    generateContent={[Function]}
    setFavoriteState={[Function]}
  />
  <Globe
    addFav={[Function]}
    countries={Array []}
    endangeredSpecies={Array []}
    favAnimals={Array []}
    isFavorite={false}
    searchInput=""
  />
</div>
`;
