// Jest Snapshot v1, https://goo.gl/fbAQLP

exports[`FavoriteCardContainer Should render correctly with all the information passed 1`] = `
<section>
  <AnimalCard
    addFav={[MockFunction]}
    endangeredStatus="Vulnerable"
    favAnimals={
      Array [
        "Snow Leopard",
      ]
    }
    genus="Panthera"
    image="https://upload.wikimedia.org/wikipedia/commons/d/d7/Snow_Leopard_in_Ladakh%28_Photo_by_Tashi_Lonchay%29.jpg"
    key="Snow Leopard"
    locations={
      Array [
        "China",
        "Mongolia",
        "India",
      ]
    }
    name="Snow Leopard"
    population={6000}
    threats={
      Array [
        "Poaching",
        "Climate Change",
      ]
    }
  />
</section>
`;
