// Jest Snapshot v1, https://goo.gl/fbAQLP

exports[`Header should match the snapshot with all of the data passed in 1`] = `
<header>
  <h1
    className="app-title"
  >
    Kayla's Ark
  </h1>
  <input
    className="search"
    onChange={[Function]}
    placeholder=" Search Animal or Country..."
    type="search"
  />
  <button
    className="show-favorites show-btn"
    onClick={[Function]}
  >
    Show Favorites
  </button>
</header>
`;
